{
  "type": "Block",
  "nodes": [
    {
      "type": "Tag",
      "name": "style",
      "selfClosing": false,
      "block": {
        "type": "Block",
        "nodes": [
          {
            "type": "Filter",
            "name": "stylus",
            "block": {
              "type": "Block",
              "nodes": [
                {
                  "type": "Text",
                  "val": "@import \"test/cases/some-included\"\n"
                }
              ]
            },
            "attrs": []
          }
        ]
      },
      "attrs": [
        {
          "name": "type",
          "val": "\"text/css\"",
          "escaped": true
        }
      ],
      "attributeBlocks": [],
      "isInline": false,
      "line": 1,
      "filename": "include-filter-stylus.jade"
    }
  ],
  "line": 0,
  "filename": "include-filter-stylus.jade",
  "declaredBlocks": {}
}