{
  "type": "Block",
  "nodes": [
    {
      "type": "Block",
      "nodes": [
        {
          "type": "Tag",
          "name": "html",
          "selfClosing": false,
          "block": {
            "type": "Block",
            "nodes": [
              {
                "type": "Tag",
                "name": "head",
                "selfClosing": false,
                "block": {
                  "type": "Block",
                  "nodes": [
                    {
                      "type": "Tag",
                      "name": "title",
                      "selfClosing": false,
                      "block": {
                        "type": "Block",
                        "nodes": []
                      },
                      "attrs": [],
                      "attributeBlocks": [],
                      "isInline": false,
                      "line": 3,
                      "filename": "auxiliary/yield-nested.jade"
                    }
                  ]
                },
                "attrs": [],
                "attributeBlocks": [],
                "isInline": false,
                "line": 2,
                "filename": "auxiliary/yield-nested.jade"
              },
              {
                "type": "Tag",
                "name": "body",
                "selfClosing": false,
                "block": {
                  "type": "Block",
                  "nodes": [
                    {
                      "type": "Tag",
                      "name": "h1",
                      "selfClosing": false,
                      "block": {
                        "type": "Block",
                        "nodes": [
                          {
                            "type": "Text",
                            "val": "Page",
                            "line": 5,
                            "filename": "auxiliary/yield-nested.jade"
                          }
                        ]
                      },
                      "attrs": [],
                      "attributeBlocks": [],
                      "isInline": false,
                      "line": 5,
                      "filename": "auxiliary/yield-nested.jade"
                    },
                    {
                      "type": "Tag",
                      "name": "div",
                      "block": {
                        "type": "Block",
                        "nodes": [
                          {
                            "type": "Tag",
                            "name": "div",
                            "block": {
                              "type": "Block",
                              "nodes": [
                                {
                                  "type": "Block",
                                  "nodes": [
                                    {
                                      "type": "Block",
                                      "nodes": [
                                        {
                                          "type": "Tag",
                                          "name": "p",
                                          "selfClosing": false,
                                          "block": {
                                            "type": "Block",
                                            "nodes": [
                                              {
                                                "type": "Text",
                                                "val": "some content",
                                                "line": 3,
                                                "filename": "include.yield.nested.jade"
                                              }
                                            ]
                                          },
                                          "attrs": [],
                                          "attributeBlocks": [],
                                          "isInline": false,
                                          "line": 3,
                                          "filename": "include.yield.nested.jade"
                                        },
                                        {
                                          "type": "Tag",
                                          "name": "p",
                                          "selfClosing": false,
                                          "block": {
                                            "type": "Block",
                                            "nodes": [
                                              {
                                                "type": "Text",
                                                "val": "and some more",
                                                "line": 4,
                                                "filename": "include.yield.nested.jade"
                                              }
                                            ]
                                          },
                                          "attrs": [],
                                          "attributeBlocks": [],
                                          "isInline": false,
                                          "line": 4,
                                          "filename": "include.yield.nested.jade"
                                        }
                                      ],
                                      "line": 3,
                                      "filename": "include.yield.nested.jade"
                                    }
                                  ],
                                  "line": 8,
                                  "filename": "auxiliary/yield-nested.jade",
                                  "yield": true
                                }
                              ]
                            },
                            "attrs": [
                              {
                                "name": "id",
                                "val": "'content-wrapper'",
                                "escaped": false
                              }
                            ],
                            "attributeBlocks": [],
                            "isInline": false,
                            "line": 7,
                            "filename": "auxiliary/yield-nested.jade"
                          }
                        ]
                      },
                      "attrs": [
                        {
                          "name": "id",
                          "val": "'content'",
                          "escaped": false
                        }
                      ],
                      "attributeBlocks": [],
                      "isInline": false,
                      "line": 6,
                      "filename": "auxiliary/yield-nested.jade"
                    },
                    {
                      "type": "Tag",
                      "name": "div",
                      "block": {
                        "type": "Block",
                        "nodes": [
                          {
                            "type": "Tag",
                            "name": "stuff",
                            "selfClosing": false,
                            "block": {
                              "type": "Block",
                              "nodes": []
                            },
                            "attrs": [],
                            "attributeBlocks": [],
                            "isInline": false,
                            "line": 10,
                            "filename": "auxiliary/yield-nested.jade"
                          }
                        ]
                      },
                      "attrs": [
                        {
                          "name": "id",
                          "val": "'footer'",
                          "escaped": false
                        }
                      ],
                      "attributeBlocks": [],
                      "isInline": false,
                      "line": 9,
                      "filename": "auxiliary/yield-nested.jade"
                    }
                  ]
                },
                "attrs": [],
                "attributeBlocks": [],
                "isInline": false,
                "line": 4,
                "filename": "auxiliary/yield-nested.jade"
              }
            ]
          },
          "attrs": [],
          "attributeBlocks": [],
          "isInline": false,
          "line": 1,
          "filename": "auxiliary/yield-nested.jade"
        }
      ],
      "line": 0,
      "filename": "auxiliary/yield-nested.jade",
      "declaredBlocks": {}
    }
  ],
  "line": 0,
  "filename": "include.yield.nested.jade",
  "declaredBlocks": {}
}