{
  "type": "Block",
  "nodes": [
    {
      "type": "Text",
      "val": "The message is \"",
      "line": 1,
      "filename": "include-only-text-body.jade"
    },
    {
      "type": "Block",
      "nodes": [],
      "line": 2,
      "filename": "include-only-text-body.jade",
      "yield": true
    },
    {
      "type": "Text",
      "val": "\"",
      "line": 3,
      "filename": "include-only-text-body.jade"
    }
  ],
  "line": 0,
  "filename": "include-only-text-body.jade",
  "declaredBlocks": {}
}