{
  "type": "Block",
  "nodes": [
    {
      "type": "Tag",
      "name": "html",
      "selfClosing": false,
      "block": {
        "type": "Block",
        "nodes": [
          {
            "type": "NamedBlock",
            "nodes": [
              {
                "type": "Tag",
                "name": "script",
                "selfClosing": false,
                "block": {
                  "type": "Block",
                  "nodes": []
                },
                "attrs": [
                  {
                    "name": "src",
                    "val": "'vendor/jquery.js'",
                    "escaped": true
                  }
                ],
                "attributeBlocks": [],
                "isInline": false,
                "line": 4,
                "filename": "../fixtures/append/layout.jade"
              },
              {
                "type": "Tag",
                "name": "script",
                "selfClosing": false,
                "block": {
                  "type": "Block",
                  "nodes": []
                },
                "attrs": [
                  {
                    "name": "src",
                    "val": "'vendor/caustic.js'",
                    "escaped": true
                  }
                ],
                "attributeBlocks": [],
                "isInline": false,
                "line": 5,
                "filename": "../fixtures/append/layout.jade"
              },
              {
                "type": "Tag",
                "name": "script",
                "selfClosing": false,
                "block": {
                  "type": "Block",
                  "nodes": []
                },
                "attrs": [
                  {
                    "name": "src",
                    "val": "'app.js'",
                    "escaped": true
                  }
                ],
                "attributeBlocks": [],
                "isInline": false,
                "line": 5,
                "filename": "../fixtures/append/app-layout.jade"
              },
              {
                "type": "Tag",
                "name": "script",
                "selfClosing": false,
                "block": {
                  "type": "Block",
                  "nodes": []
                },
                "attrs": [
                  {
                    "name": "src",
                    "val": "'foo.js'",
                    "escaped": true
                  }
                ],
                "attributeBlocks": [],
                "isInline": false,
                "line": 5,
                "filename": "layout.append.jade"
              },
              {
                "type": "Tag",
                "name": "script",
                "selfClosing": false,
                "block": {
                  "type": "Block",
                  "nodes": []
                },
                "attrs": [
                  {
                    "name": "src",
                    "val": "'bar.js'",
                    "escaped": true
                  }
                ],
                "attributeBlocks": [],
                "isInline": false,
                "line": 6,
                "filename": "layout.append.jade"
              }
            ],
            "line": 3,
            "filename": "../fixtures/append/layout.jade",
            "name": "head",
            "mode": "replace"
          },
          {
            "type": "Tag",
            "name": "body",
            "selfClosing": false,
            "block": {
              "type": "Block",
              "nodes": [
                {
                  "type": "NamedBlock",
                  "nodes": [],
                  "line": 7,
                  "filename": "../fixtures/append/layout.jade",
                  "name": "body",
                  "mode": "replace"
                }
              ]
            },
            "attrs": [],
            "attributeBlocks": [],
            "isInline": false,
            "line": 6,
            "filename": "../fixtures/append/layout.jade"
          }
        ]
      },
      "attrs": [],
      "attributeBlocks": [],
      "isInline": false,
      "line": 2,
      "filename": "../fixtures/append/layout.jade"
    }
  ],
  "line": 0,
  "filename": "../fixtures/append/layout.jade",
  "declaredBlocks": {
    "head": {
      "type": "NamedBlock",
      "nodes": [
        {
          "type": "Tag",
          "name": "script",
          "selfClosing": false,
          "block": {
            "type": "Block",
            "nodes": []
          },
          "attrs": [
            {
              "name": "src",
              "val": "'vendor/jquery.js'",
              "escaped": true
            }
          ],
          "attributeBlocks": [],
          "isInline": false,
          "line": 4,
          "filename": "../fixtures/append/layout.jade"
        },
        {
          "type": "Tag",
          "name": "script",
          "selfClosing": false,
          "block": {
            "type": "Block",
            "nodes": []
          },
          "attrs": [
            {
              "name": "src",
              "val": "'vendor/caustic.js'",
              "escaped": true
            }
          ],
          "attributeBlocks": [],
          "isInline": false,
          "line": 5,
          "filename": "../fixtures/append/layout.jade"
        },
        {
          "type": "Tag",
          "name": "script",
          "selfClosing": false,
          "block": {
            "type": "Block",
            "nodes": []
          },
          "attrs": [
            {
              "name": "src",
              "val": "'app.js'",
              "escaped": true
            }
          ],
          "attributeBlocks": [],
          "isInline": false,
          "line": 5,
          "filename": "../fixtures/append/app-layout.jade"
        },
        {
          "type": "Tag",
          "name": "script",
          "selfClosing": false,
          "block": {
            "type": "Block",
            "nodes": []
          },
          "attrs": [
            {
              "name": "src",
              "val": "'foo.js'",
              "escaped": true
            }
          ],
          "attributeBlocks": [],
          "isInline": false,
          "line": 5,
          "filename": "layout.append.jade"
        },
        {
          "type": "Tag",
          "name": "script",
          "selfClosing": false,
          "block": {
            "type": "Block",
            "nodes": []
          },
          "attrs": [
            {
              "name": "src",
              "val": "'bar.js'",
              "escaped": true
            }
          ],
          "attributeBlocks": [],
          "isInline": false,
          "line": 6,
          "filename": "layout.append.jade"
        }
      ],
      "line": 3,
      "filename": "../fixtures/append/layout.jade",
      "name": "head",
      "mode": "replace"
    },
    "body": {
      "type": "NamedBlock",
      "nodes": [],
      "line": 7,
      "filename": "../fixtures/append/layout.jade",
      "name": "body",
      "mode": "replace"
    }
  }
}